
=== CAZANDO: astronaut projector ===
Encontrados: 1700 | top 5:
 - 7.96 USD | stock 14961 | Galaxy Star Projector Starry Sky Night Light Astronaut Lamp Home Room  | 1734820599110836224
 - 5.45 USD | stock 22806 | Galaxy Star Projector Starry Sky Night Light Astronaut Lamp Room Decr  | 1597459825850593280
 - 17.44 USD | stock 53110 | Rocket Astronaut Galaxy Starry Sky Projector Lamp Desktop | 1676812197948829696
 - 10.78 USD | stock 12859 | Exit Astronaut Starlight Projection Lamp Northern Lights Projector Sma | 1750826696632180736
 - 5.03 USD | stock 24066 | New Aurora Astronaut Nebula Decorative Vortex Projector | 1732962616957472768
--> Variante más barata: 1732962616957472768 $5.03
    detail sellPrice 5.03-5.64 variant 5.03 vid 1732962617074913280
    flete MX $7.64 | US $9.16
    LANDED MX ~$12.67

=== CAZANDO: automatic soap dispenser foam ===
Encontrados: 6000 | top 5:
 - 10.75 USD | stock 39541 | Non-contact Automatic Soap Dispenser Liquid Foam Machine Infrared Sens | 1628204613260292096
 - 1.19 USD | stock 50912 | Automatic Hand Sanitizer Soap Dispenser Wall Mounted Usb Foam | 1572930119650521088
 - 9.08 USD | stock 192406 | Automatic Liquid Soap Dispenser Infrared Smart Sensor Touchless Foam S | 7CEB1B86-0F28-48BC-B301-B2B05CEE93E6
 - 6.90 USD | stock 40000 | Automatic Induction Foam Soap Dispenser Hand Sanitizer Dispenser Smart | 1369569839345176576
 - 12.01 USD | stock 100048 | Smart Foam Washing Mobile Phone Automatic Sensor Soap Dispenser | 1434075724892999680
--> Variante más barata: 1572930119650521088 $1.19
    detail sellPrice 1.19-17.14 variant 15.95 vid 1572930119734407168
    flete MX $11.24 | US $12.74
    LANDED MX ~$27.19

=== CAZANDO: magnetic car phone holder 15w ===
Encontrados: 6000 | top 5:
 - 9.14 USD | stock 25438 | Magnetic Bendable Car Mobile Phone Holder Wireless Charger Phone Holde | 1676766755672305664
 - 6.82 USD | stock 373207 | Magnetic Wireless Charging Car Phone Holder 15W | 1518490279773483008
 - 9.96 USD | stock 20000 | Car Wireless Charging 15W Magnetic Mobile Phone Holder Charger | F3462168-2853-4F66-88B8-97B7D14ADA87
 - 3.79 USD | stock 80000 | Compatible with Apple, 15W Wireless Magnetic Car Charger Phone Holder  | 1390901103788429312
 - 7.88 USD | stock 23680 | 15W Magnetic Mobile Phone Wireless Fast Charge Car Navigation Holder | 1772188716702904320
--> Variante más barata: 1390901103788429312 $3.79
    detail sellPrice 3.79 variant 3.79 vid 1390901105159966720
    flete MX $6.3 | US $7.62
    LANDED MX ~$10.09

=== CAZANDO: mini thermal printer ===
Encontrados: 6000 | top 5:
 - 0.67 USD | stock 1022590 | Portable Mini Thermal Label Printer Home Photo Printer Student Wrong Q | 1465145114119770112
 - 3.10 USD | stock 210000 | Paperang Thermal Printer Mini Mobile Photo Printer | B20D0D91-1CB0-40A6-84E8-EF7621C75644
 - 0.56 USD | stock 1260920 | Mini Bliuetooth Wireless Thermal Printer Paper Sticker Label Printer | C013C825-A80A-4A29-A0B8-9AD4372CD372
 - 0.76 USD | stock 1080004 | Portable Handheld Label Mini Thermal Printer | C497620D-A33F-463F-8684-8755C74A83ED
 - 0.69 USD | stock 184948 | PerPage Mini Wireless Portable Thermal Printer paper | 0207D08F-D185-4331-B95D-98204E66C8EF
--> Variante más barata: C013C825-A80A-4A29-A0B8-9AD4372CD372 $0.56
    detail sellPrice 0.56-49.83 variant 1.5 vid 1246B270-3661-4F76-A2C8-467AF991236B
    flete MX $6.23 | US $7.54
    LANDED MX ~$7.73

=== CAZANDO: led night light magnetic ===
Encontrados: 1003 | top 5:
 - 29.62 USD | stock 404576 | 3D LED Moon Night Light Wireless Magnetic Levitating Rotating Floating | AAEF31C7-57AC-4BE5-B67D-DAB8D3B3D6F6
 - 2.17 USD | stock 274632 | Auto LED USB Magnetic Wireless Night Light Corridors Porch Lights PIR  | 842B5DB4-E59C-42FC-BEAB-01893C169776
 - 37.28 USD | stock 208555 | Valentines Day Gift Heart Floating Table LED Night Light Magnetic Levi | 1596740751579426816
 - 0.10 USD | stock 113624 | Magnetic Study Cabinet USB Rechargeable Stepless Dimming Dormitory LED | 1453645775069384704
 - 87.40 USD | stock 101201 | Levitating Earth Jupiter Lamp Magnetic Floating LED Night Light | 9F3FEA68-F66B-4B24-AD5C-237F205270A9
--> Variante más barata: 1453645775069384704 $0.1
    detail sellPrice 0.10-4.94 variant 2.09 vid 1453645775132299265
    flete MX $4.65 | US $5.93
    LANDED MX ~$6.74

=== FIN HUNTER STREAM (5/11) ===
npm warn exec The following package was not found and will be installed: tsx@4.23.13

=== CAZANDO: cat steam brush ===
Encontrados: 6000 | top 5:
 - 0.51 USD | stock 155068 | Cat Steam Brush Steamy Dog Brush 3 In 1 Electric Spray Cat Hair Brushe | 1734496117636734976
 - 1.09 USD | stock 45111 | Steamy Cat Brush Cat Dog Grooming Comb Electric Self Cleaning Steam Ca | 1738093507329404928
 - 3.86 USD | stock 119830 | Animal Hair Remover Brush Dog And Cat Steam Brush Pet Self Cleaning Do | 2407080551161616500
 - 3.02 USD | stock 11334 | USB Rechargeable Pets Steam Brush Spray Massage Comb Pet Grooming Tool | 2406210916071624900
 - 1.13 USD | stock 85205 | 3 In 1 Pet Steam Brush Cat Dog Cleaning Steamy Spray Massage Beauty Co | 1740622831148339200
--> Variante más barata: 1734496117636734976 $0.51
    detail sellPrice 0.51-6.57 variant 2.04 vid 2412070313181625600
    flete MX $7.01 | US $8.43
    LANDED MX ~$9.05

=== CAZANDO: ice face roller ===
Encontrados: 6000 | top 5:
 - 1.72 USD | stock 60065 | Silicone Ice Face Roller Contour Shrink Pores Remove Dark Circles Mass | 1764139609648271360
 - 1.66 USD | stock 139243 | Ice Face Roller Ice Face Mould Ice Holder For Face Ice Stick Beauty Fa | 1506976686641000448
 - 2.30 USD | stock 61314 | Ice roller face roller beauty roller | 08320F9D-3427-4CD2-B381-37AC396167E4
 - 1.45 USD | stock 24120 | Facial Ice Ice Roller Apply Face Ice Tray | 1777892621172609024
 - 2.55 USD | stock 277732 | Face Massage Ice Tray Ice Roller Face Bags Under Eyes Clavicle Ice Ice | 1410241831966478336
--> Variante más barata: 1777892621172609024 $1.45
    detail sellPrice 1.45 variant 1.45 vid 1777892621243912192
    flete MX $4.26 | US $5.85
    LANDED MX ~$5.71

=== CAZANDO: collagen eye patches ===
Encontrados: 6000 | top 5:
 - 0.30 USD | stock 127939 | Beauty Gold Crystal Collagen Patches For Eye Anti-Aging Acne Eye Mask  | 7B4E2827-F9FB-4F63-A7C9-4BE73759C167
 - 0.14 USD | stock 61898 | 10pcs5packs Gold Crystal Collagen Eye Mask Eye Patches Eye Mask For Fa | B66990D6-E0BF-4D86-87FB-3FDC9BAA0AA2
 - 8.30 USD | stock 750 | EELHOE Collagen Gold Eye Mask Firming Eye Patches For Dark Circles And | 1831952624384888832
 - 1.02 USD | stock 11995 | 80 Pcs Bottle Gold Osmanthus Eye Mask Women Collagen Gel Whey Protein  | DFE7364B-981C-420F-8450-CB802C74DFC9
 - 9.99 USD | stock 4056 | EELHOE Collagen Gold Eye Mask Moisturizing Care, Firming Eye Lines, Ey | 1924737130098159617
--> Variante más barata: B66990D6-E0BF-4D86-87FB-3FDC9BAA0AA2 $0.14
    detail sellPrice 0.14-2.16 variant 1.86 vid 691389E4-73B0-4AB4-900B-1B55A8F0853D
    flete MX $6.92 | US $8.86
    LANDED MX ~$8.78

=== CAZANDO: food chopper manual ===
Encontrados: 6000 | top 5:
 - 7.14 USD | stock 26370 | Tenta Kitchen 485ml Manual Food Chopper/Meat Grinder/Vegetable Slicer/ | F2F67936-9316-4B85-BB67-9C3FA2B01B03
 - 14.65 USD | stock 94 | Vegetable Chopper With 1.5L Container Manual Food Veggie Cutter Kitche | 2056568002982490114
 - 15.00 USD | stock 28 | 15 In 1 Manual Vegetable Chopper Slicer Dicer 1.5L Food Chopper With D | 2089531610868109314
 - 44.59 USD | stock 50 | Manual Vegetable, Nut & Garlic Chopper With Container And Lid, Kitchen | 2091645870971445249
 - 44.99 USD | stock 50 | Push Food & Vegetable Chopper, Manual Dicing Cutter For Easy Kitchen F | 2091639347234529282
--> Variante más barata: F2F67936-9316-4B85-BB67-9C3FA2B01B03 $7.14
    detail sellPrice 7.14-8.23 variant 7.14 vid A1CBF0A0-D387-4F21-B8CA-45D9A7EE2892
    flete MX $7.24 | US $8.24
    LANDED MX ~$14.38

=== CAZANDO: spice rack rotating ===
Encontrados: 6000 | top 5:
 - 2.79 USD | stock 45962 | Kitchen Double Tier Spice Rack Multifunctional Rotating Storage Rack S | 1540578299821436928
 - 3.10 USD | stock 40000 | Kitchen Spice Organizer Rack Double Rotating Storage | 1385448629283721216
 - 3.15 USD | stock 80000 | Kitchen rotating rack spice rack | 2A2B4D6F-9CEB-4965-9C93-0EF8545CBF80
 - 37.22 USD | stock 230 | 3-Tier Rotating Spice Rack Organizer – Carbon Steel 360° Metal Turntab | 2029473021449961473
 - 5.22 USD | stock 139362 | Multi Layer Rotating Spice Storage Rack For Kitchen Countertops | 1464913366735785984
--> Variante más barata: 1540578299821436928 $2.79
    detail sellPrice 2.79 variant 2.79 vid 1540578299888545792
    flete MX $16.68 | US $20.03
    LANDED MX ~$19.47

=== CAZANDO: closet light bar magnetic ===
Encontrados: 6000 | top 5:
 - 5.46 USD | stock 40000 | Magnetic LED Night Light Motion Sensor Bar Lamp For Bedroom Kitchen Cl | 050F60DF-9DAB-462A-97A4-47648F5369BD
 - 3.53 USD | stock 12129 | Rechargeable Led Wireless Kitchen Usb Automatic Closet Light Bar Magne | 1642088435160715264
 - 5.64 USD | stock 32253 | Stair Magnetic Three-color Wireless Led Smart Rechargeable Wardrobe Wi | 2503070304081603000
 - 3.18 USD | stock 571220 | LED sensor light bar | 10A2E8CF-227C-49D0-AF4E-FAE2945E2D3D
 - 0.90 USD | stock 34993 | LED Star Galaxy Projector Lamp Spotlight Colorful Rotating Magic Ball  | 1706120487417417728
--> Variante más barata: 1706120487417417728 $0.9
    detail sellPrice 0.90-2.34 variant 2.34 vid 1706120487618744320
    flete MX $5.23 | US $6.69
    LANDED MX ~$7.57

=== FIN HUNTER COMPLETO 11/11 ===
Generando tabla final en /tmp/lumaei-hunter.log ...
